Archive member included to satisfy reference by file (symbol)

../qtouch/lib/gcc\libqtm_touch_key_t817_0x0002.a(avr_touch_key_g_t817.o)
                              qtouch/touch.o (qtm_update_qtlib_timer)
../qtouch/lib/gcc\libqtm_freq_hop_auto_t817_0x0004.a(avr_freq_hop_auto_g_t817.o)
                              qtouch/touch.o (qtm_freq_hop_autotune)
../qtouch/lib/gcc\libqtm_binding_layer_t817_0x0005.a(avr_binding_layer_g_t817.o)
                              qtouch/touch.o (qmt_get_binding_layer_ptr)
../qtouch/lib/gcc\libqtm_acq_runtime_t817_0x0008.a(avr_acq_runtime_g_t817.o)
                              qtouch/touch.o (qtm_acquisition_process)
c:/program files (x86)/atmel/studio/7.0/toolchain/avr8/avr8-gnu-toolchain/bin/../lib/gcc/avr/5.4.0/avrxmega3/short-calls\libgcc.a(_udivmodhi4.o)
                              main.o (__udivmodhi4)
c:/program files (x86)/atmel/studio/7.0/toolchain/avr8/avr8-gnu-toolchain/bin/../lib/gcc/avr/5.4.0/avrxmega3/short-calls\libgcc.a(_divmodhi4.o)
                              main.o (__divmodhi4)
c:/program files (x86)/atmel/studio/7.0/toolchain/avr8/avr8-gnu-toolchain/bin/../lib/gcc/avr/5.4.0/avrxmega3/short-calls\libgcc.a(_exit.o)
                              C:/Program Files (x86)/Atmel/Studio/7.0/Packs/atmel/ATtiny_DFP/1.3.147/gcc/dev/attiny816/avrxmega3/short-calls/crtattiny816.o (exit)
c:/program files (x86)/atmel/studio/7.0/toolchain/avr8/avr8-gnu-toolchain/bin/../lib/gcc/avr/5.4.0/avrxmega3/short-calls\libgcc.a(_copy_data.o)
                              qtouch/touch.o (__do_copy_data)
c:/program files (x86)/atmel/studio/7.0/toolchain/avr8/avr8-gnu-toolchain/bin/../lib/gcc/avr/5.4.0/avrxmega3/short-calls\libgcc.a(_clear_bss.o)
                              driver_isr.o (__do_clear_bss)
c:/program files (x86)/atmel/studio/7.0/toolchain/avr8/avr8-gnu-toolchain/bin/../lib/gcc/avr/5.4.0/../../../../avr/lib/avrxmega3/short-calls\libc.a(rand.o)
                              main.o (rand)
c:/program files (x86)/atmel/studio/7.0/toolchain/avr8/avr8-gnu-toolchain/bin/../lib/gcc/avr/5.4.0/avrxmega3/short-calls\libgcc.a(_divmodsi4.o)
                              c:/program files (x86)/atmel/studio/7.0/toolchain/avr8/avr8-gnu-toolchain/bin/../lib/gcc/avr/5.4.0/../../../../avr/lib/avrxmega3/short-calls\libc.a(rand.o) (__divmodsi4)
c:/program files (x86)/atmel/studio/7.0/toolchain/avr8/avr8-gnu-toolchain/bin/../lib/gcc/avr/5.4.0/avrxmega3/short-calls\libgcc.a(_negsi2.o)
                              c:/program files (x86)/atmel/studio/7.0/toolchain/avr8/avr8-gnu-toolchain/bin/../lib/gcc/avr/5.4.0/avrxmega3/short-calls\libgcc.a(_divmodsi4.o) (__negsi2)
c:/program files (x86)/atmel/studio/7.0/toolchain/avr8/avr8-gnu-toolchain/bin/../lib/gcc/avr/5.4.0/avrxmega3/short-calls\libgcc.a(_muluhisi3.o)
                              c:/program files (x86)/atmel/studio/7.0/toolchain/avr8/avr8-gnu-toolchain/bin/../lib/gcc/avr/5.4.0/../../../../avr/lib/avrxmega3/short-calls\libc.a(rand.o) (__muluhisi3)
c:/program files (x86)/atmel/studio/7.0/toolchain/avr8/avr8-gnu-toolchain/bin/../lib/gcc/avr/5.4.0/avrxmega3/short-calls\libgcc.a(_mulshisi3.o)
                              c:/program files (x86)/atmel/studio/7.0/toolchain/avr8/avr8-gnu-toolchain/bin/../lib/gcc/avr/5.4.0/../../../../avr/lib/avrxmega3/short-calls\libc.a(rand.o) (__mulohisi3)
c:/program files (x86)/atmel/studio/7.0/toolchain/avr8/avr8-gnu-toolchain/bin/../lib/gcc/avr/5.4.0/avrxmega3/short-calls\libgcc.a(_udivmodsi4.o)
                              c:/program files (x86)/atmel/studio/7.0/toolchain/avr8/avr8-gnu-toolchain/bin/../lib/gcc/avr/5.4.0/avrxmega3/short-calls\libgcc.a(_divmodsi4.o) (__udivmodsi4)
c:/program files (x86)/atmel/studio/7.0/toolchain/avr8/avr8-gnu-toolchain/bin/../lib/gcc/avr/5.4.0/avrxmega3/short-calls\libgcc.a(_umulhisi3.o)
                              c:/program files (x86)/atmel/studio/7.0/toolchain/avr8/avr8-gnu-toolchain/bin/../lib/gcc/avr/5.4.0/avrxmega3/short-calls\libgcc.a(_muluhisi3.o) (__umulhisi3)

Allocating common symbols
Common symbol       size              file

qstate              0x1               qtouch/touch.o
noise_filter_buffer
                    0x6               qtouch/touch.o
qtlib_key_grp_data_set1
                    0x6               qtouch/touch.o
qtm_acquisition_control_working_set_ptr
                    0x2               ../qtouch/lib/gcc\libqtm_acq_runtime_t817_0x0008.a(avr_acq_runtime_g_t817.o)
interrupt_cnt       0x1               qtouch/touch.o
freq_hop_autotune_counters
                    0x3               qtouch/touch.o
ptc_qtlib_node_stat1
                    0x5               qtouch/touch.o
touch_acq_signals_raw
                    0x2               qtouch/touch.o
p_qtm_control       0x2               qtouch/touch.o
qtm_control         0x19              qtouch/touch.o
qtlib_key_data_set1
                    0x6               qtouch/touch.o
qtm_raw_data_measurements_ptr
                    0x2               ../qtouch/lib/gcc\libqtm_acq_runtime_t817_0x0008.a(avr_acq_runtime_g_t817.o)
qtm                 0x2               ../qtouch/lib/gcc\libqtm_binding_layer_t817_0x0005.a(avr_binding_layer_g_t817.o)

Discarded input sections

 .data          0x00000000        0x0 C:/Program Files (x86)/Atmel/Studio/7.0/Packs/atmel/ATtiny_DFP/1.3.147/gcc/dev/attiny816/avrxmega3/short-calls/crtattiny816.o
 .bss           0x00000000        0x0 C:/Program Files (x86)/Atmel/Studio/7.0/Packs/atmel/ATtiny_DFP/1.3.147/gcc/dev/attiny816/avrxmega3/short-calls/crtattiny816.o
 .text          0x00000000        0x0 atmel_start.o
 .data          0x00000000        0x0 atmel_start.o
 .bss           0x00000000        0x0 atmel_start.o
 .text.atmel_start_init
                0x00000000        0x4 atmel_start.o
 .comment       0x00000000       0x31 atmel_start.o
 .text          0x00000000        0x0 driver_isr.o
 .data          0x00000000        0x0 driver_isr.o
 .bss           0x00000000        0x0 driver_isr.o
 .text          0x00000000        0x0 main.o
 .data          0x00000000        0x0 main.o
 .bss           0x00000000        0x0 main.o
 .text          0x00000000        0x0 qtouch/touch.o
 .data          0x00000000        0x0 qtouch/touch.o
 .bss           0x00000000        0x0 qtouch/touch.o
 .text.get_sensor_node_signal
                0x00000000       0x1a qtouch/touch.o
 .text.update_sensor_node_signal
                0x00000000       0x1a qtouch/touch.o
 .text.get_sensor_node_reference
                0x00000000       0x1a qtouch/touch.o
 .text.update_sensor_node_reference
                0x00000000       0x1a qtouch/touch.o
 .text.get_sensor_cc_val
                0x00000000       0x1a qtouch/touch.o
 .text.update_sensor_cc_val
                0x00000000       0x1a qtouch/touch.o
 .text.update_sensor_state
                0x00000000       0x1e qtouch/touch.o
 .text.calibrate_node
                0x00000000       0x2a qtouch/touch.o
 .text          0x00000000        0x0 src/bod.o
 .data          0x00000000        0x0 src/bod.o
 .bss           0x00000000        0x0 src/bod.o
 .text          0x00000000        0x0 src/clkctrl.o
 .data          0x00000000        0x0 src/clkctrl.o
 .bss           0x00000000        0x0 src/clkctrl.o
 .text          0x00000000        0x0 src/cpuint.o
 .data          0x00000000        0x0 src/cpuint.o
 .bss           0x00000000        0x0 src/cpuint.o
 .text          0x00000000        0x0 src/driver_init.o
 .data          0x00000000        0x0 src/driver_init.o
 .bss           0x00000000        0x0 src/driver_init.o
 .text.TIMER_0_initialization
                0x00000000        0x2 src/driver_init.o
 .text.TIMER_1_initialization
                0x00000000        0x2 src/driver_init.o
 .text          0x00000000        0x0 src/protected_io.o
 .data          0x00000000        0x0 src/protected_io.o
 .bss           0x00000000        0x0 src/protected_io.o
 .text          0x00000000        0x0 src/rtc.o
 .data          0x00000000        0x0 src/rtc.o
 .bss           0x00000000        0x0 src/rtc.o
 .text          0x00000000        0x0 src/slpctrl.o
 .data          0x00000000        0x0 src/slpctrl.o
 .bss           0x00000000        0x0 src/slpctrl.o
 .text          0x00000000        0x0 src/tca.o
 .data          0x00000000        0x0 src/tca.o
 .bss           0x00000000        0x0 src/tca.o
 .text          0x00000000        0x0 src/tcb.o
 .data          0x00000000        0x0 src/tcb.o
 .bss           0x00000000        0x0 src/tcb.o
 .text          0x00000000        0x0 ../qtouch/lib/gcc\libqtm_touch_key_t817_0x0002.a(avr_touch_key_g_t817.o)
 .data          0x00000000        0x0 ../qtouch/lib/gcc\libqtm_touch_key_t817_0x0002.a(avr_touch_key_g_t817.o)
 .bss           0x00000000        0x0 ../qtouch/lib/gcc\libqtm_touch_key_t817_0x0002.a(avr_touch_key_g_t817.o)
 .text.qtm_key_suspend
                0x00000000       0x4e ../qtouch/lib/gcc\libqtm_touch_key_t817_0x0002.a(avr_touch_key_g_t817.o)
 .text.qtm_key_resume
                0x00000000       0x4e ../qtouch/lib/gcc\libqtm_touch_key_t817_0x0002.a(avr_touch_key_g_t817.o)
 .text.qtm_get_touch_keys_module_id
                0x00000000        0x6 ../qtouch/lib/gcc\libqtm_touch_key_t817_0x0002.a(avr_touch_key_g_t817.o)
 .text.qtm_get_touch_keys_module_ver
                0x00000000        0x4 ../qtouch/lib/gcc\libqtm_touch_key_t817_0x0002.a(avr_touch_key_g_t817.o)
 .text          0x00000000        0x0 ../qtouch/lib/gcc\libqtm_freq_hop_auto_t817_0x0004.a(avr_freq_hop_auto_g_t817.o)
 .data          0x00000000        0x0 ../qtouch/lib/gcc\libqtm_freq_hop_auto_t817_0x0004.a(avr_freq_hop_auto_g_t817.o)
 .bss           0x00000000        0x0 ../qtouch/lib/gcc\libqtm_freq_hop_auto_t817_0x0004.a(avr_freq_hop_auto_g_t817.o)
 .text.qtm_get_freq_auto_module_id
                0x00000000        0x6 ../qtouch/lib/gcc\libqtm_freq_hop_auto_t817_0x0004.a(avr_freq_hop_auto_g_t817.o)
 .text.qtm_get_freq_auto_module_ver
                0x00000000        0x4 ../qtouch/lib/gcc\libqtm_freq_hop_auto_t817_0x0004.a(avr_freq_hop_auto_g_t817.o)
 .text          0x00000000        0x0 ../qtouch/lib/gcc\libqtm_binding_layer_t817_0x0005.a(avr_binding_layer_g_t817.o)
 .data          0x00000000        0x0 ../qtouch/lib/gcc\libqtm_binding_layer_t817_0x0005.a(avr_binding_layer_g_t817.o)
 .bss           0x00000000        0x0 ../qtouch/lib/gcc\libqtm_binding_layer_t817_0x0005.a(avr_binding_layer_g_t817.o)
 .text.qtm_lib_get_state
                0x00000000        0x6 ../qtouch/lib/gcc\libqtm_binding_layer_t817_0x0005.a(avr_binding_layer_g_t817.o)
 .text.qtm_get_binding_layer_module_id
                0x00000000        0x6 ../qtouch/lib/gcc\libqtm_binding_layer_t817_0x0005.a(avr_binding_layer_g_t817.o)
 .text.qtm_get_binding_layer_module_version
                0x00000000        0x4 ../qtouch/lib/gcc\libqtm_binding_layer_t817_0x0005.a(avr_binding_layer_g_t817.o)
 .text          0x00000000        0x0 ../qtouch/lib/gcc\libqtm_acq_runtime_t817_0x0008.a(avr_acq_runtime_g_t817.o)
 .data          0x00000000        0x0 ../qtouch/lib/gcc\libqtm_acq_runtime_t817_0x0008.a(avr_acq_runtime_g_t817.o)
 .bss           0x00000000        0x0 ../qtouch/lib/gcc\libqtm_acq_runtime_t817_0x0008.a(avr_acq_runtime_g_t817.o)
 .text.qtm_autoscan_sensor_node
                0x00000000      0x266 ../qtouch/lib/gcc\libqtm_acq_runtime_t817_0x0008.a(avr_acq_runtime_g_t817.o)
 .text.qtm_autoscan_node_cancel
                0x00000000       0x22 ../qtouch/lib/gcc\libqtm_acq_runtime_t817_0x0008.a(avr_acq_runtime_g_t817.o)
 .text.qtm_t81x_ptc_handler_wcomp
                0x00000000       0x8c ../qtouch/lib/gcc\libqtm_acq_runtime_t817_0x0008.a(avr_acq_runtime_g_t817.o)
 .text.qtm_ptc_de_init
                0x00000000        0xa ../qtouch/lib/gcc\libqtm_acq_runtime_t817_0x0008.a(avr_acq_runtime_g_t817.o)
 .text.qtm_t81x_acq_module_get_id
                0x00000000        0x6 ../qtouch/lib/gcc\libqtm_acq_runtime_t817_0x0008.a(avr_acq_runtime_g_t817.o)
 .text.qtm_t81x_acq_module_get_version
                0x00000000        0x4 ../qtouch/lib/gcc\libqtm_acq_runtime_t817_0x0008.a(avr_acq_runtime_g_t817.o)
 .bss.ptc_wcomp_happened_pointer
                0x00000000        0x2 ../qtouch/lib/gcc\libqtm_acq_runtime_t817_0x0008.a(avr_acq_runtime_g_t817.o)
 .text          0x00000000        0x0 c:/program files (x86)/atmel/studio/7.0/toolchain/avr8/avr8-gnu-toolchain/bin/../lib/gcc/avr/5.4.0/avrxmega3/short-calls\libgcc.a(_udivmodhi4.o)
 .data          0x00000000        0x0 c:/program files (x86)/atmel/studio/7.0/toolchain/avr8/avr8-gnu-toolchain/bin/../lib/gcc/avr/5.4.0/avrxmega3/short-calls\libgcc.a(_udivmodhi4.o)
 .bss           0x00000000        0x0 c:/program files (x86)/atmel/studio/7.0/toolchain/avr8/avr8-gnu-toolchain/bin/../lib/gcc/avr/5.4.0/avrxmega3/short-calls\libgcc.a(_udivmodhi4.o)
 .text.libgcc.mul
                0x00000000        0x0 c:/program files (x86)/atmel/studio/7.0/toolchain/avr8/avr8-gnu-toolchain/bin/../lib/gcc/avr/5.4.0/avrxmega3/short-calls\libgcc.a(_udivmodhi4.o)
 .text.libgcc   0x00000000        0x0 c:/program files (x86)/atmel/studio/7.0/toolchain/avr8/avr8-gnu-toolchain/bin/../lib/gcc/avr/5.4.0/avrxmega3/short-calls\libgcc.a(_udivmodhi4.o)
 .text.libgcc.prologue
                0x00000000        0x0 c:/program files (x86)/atmel/studio/7.0/toolchain/avr8/avr8-gnu-toolchain/bin/../lib/gcc/avr/5.4.0/avrxmega3/short-calls\libgcc.a(_udivmodhi4.o)
 .text.libgcc.builtins
                0x00000000        0x0 c:/program files (x86)/atmel/studio/7.0/toolchain/avr8/avr8-gnu-toolchain/bin/../lib/gcc/avr/5.4.0/avrxmega3/short-calls\libgcc.a(_udivmodhi4.o)
 .text.libgcc.fmul
                0x00000000        0x0 c:/program files (x86)/atmel/studio/7.0/toolchain/avr8/avr8-gnu-toolchain/bin/../lib/gcc/avr/5.4.0/avrxmega3/short-calls\libgcc.a(_udivmodhi4.o)
 .text.libgcc.fixed
                0x00000000        0x0 c:/program files (x86)/atmel/studio/7.0/toolchain/avr8/avr8-gnu-toolchain/bin/../lib/gcc/avr/5.4.0/avrxmega3/short-calls\libgcc.a(_udivmodhi4.o)
 .text          0x00000000        0x0 c:/program files (x86)/atmel/studio/7.0/toolchain/avr8/avr8-gnu-toolchain/bin/../lib/gcc/avr/5.4.0/avrxmega3/short-calls\libgcc.a(_divmodhi4.o)
 .data          0x00000000        0x0 c:/program files (x86)/atmel/studio/7.0/toolchain/avr8/avr8-gnu-toolchain/bin/../lib/gcc/avr/5.4.0/avrxmega3/short-calls\libgcc.a(_divmodhi4.o)
 .bss           0x00000000        0x0 c:/program files (x86)/atmel/studio/7.0/toolchain/avr8/avr8-gnu-toolchain/bin/../lib/gcc/avr/5.4.0/avrxmega3/short-calls\libgcc.a(_divmodhi4.o)
 .text.libgcc.mul
                0x00000000        0x0 c:/program files (x86)/atmel/studio/7.0/toolchain/avr8/avr8-gnu-toolchain/bin/../lib/gcc/avr/5.4.0/avrxmega3/short-calls\libgcc.a(_divmodhi4.o)
 .text.libgcc   0x00000000        0x0 c:/program files (x86)/atmel/studio/7.0/toolchain/avr8/avr8-gnu-toolchain/bin/../lib/gcc/avr/5.4.0/avrxmega3/short-calls\libgcc.a(_divmodhi4.o)
 .text.libgcc.prologue
                0x00000000        0x0 c:/program files (x86)/atmel/studio/7.0/toolchain/avr8/avr8-gnu-toolchain/bin/../lib/gcc/avr/5.4.0/avrxmega3/short-calls\libgcc.a(_divmodhi4.o)
 .text.libgcc.builtins
                0x00000000        0x0 c:/program files (x86)/atmel/studio/7.0/toolchain/avr8/avr8-gnu-toolchain/bin/../lib/gcc/avr/5.4.0/avrxmega3/short-calls\libgcc.a(_divmodhi4.o)
 .text.libgcc.fmul
                0x00000000        0x0 c:/program files (x86)/atmel/studio/7.0/toolchain/avr8/avr8-gnu-toolchain/bin/../lib/gcc/avr/5.4.0/avrxmega3/short-calls\libgcc.a(_divmodhi4.o)
 .text.libgcc.fixed
                0x00000000        0x0 c:/program files (x86)/atmel/studio/7.0/toolchain/avr8/avr8-gnu-toolchain/bin/../lib/gcc/avr/5.4.0/avrxmega3/short-calls\libgcc.a(_divmodhi4.o)
 .text          0x00000000        0x0 c:/program files (x86)/atmel/studio/7.0/toolchain/avr8/avr8-gnu-toolchain/bin/../lib/gcc/avr/5.4.0/avrxmega3/short-calls\libgcc.a(_exit.o)
 .data          0x00000000        0x0 c:/program files (x86)/atmel/studio/7.0/toolchain/avr8/avr8-gnu-toolchain/bin/../lib/gcc/avr/5.4.0/avrxmega3/short-calls\libgcc.a(_exit.o)
 .bss           0x00000000        0x0 c:/program files (x86)/atmel/studio/7.0/toolchain/avr8/avr8-gnu-toolchain/bin/../lib/gcc/avr/5.4.0/avrxmega3/short-calls\libgcc.a(_exit.o)
 .text.libgcc.mul
                0x00000000        0x0 c:/program files (x86)/atmel/studio/7.0/toolchain/avr8/avr8-gnu-toolchain/bin/../lib/gcc/avr/5.4.0/avrxmega3/short-calls\libgcc.a(_exit.o)
 .text.libgcc.div
                0x00000000        0x0 c:/program files (x86)/atmel/studio/7.0/toolchain/avr8/avr8-gnu-toolchain/bin/../lib/gcc/avr/5.4.0/avrxmega3/short-calls\libgcc.a(_exit.o)
 .text.libgcc   0x00000000        0x0 c:/program files (x86)/atmel/studio/7.0/toolchain/avr8/avr8-gnu-toolchain/bin/../lib/gcc/avr/5.4.0/avrxmega3/short-calls\libgcc.a(_exit.o)
 .text.libgcc.prologue
                0x00000000        0x0 c:/program files (x86)/atmel/studio/7.0/toolchain/avr8/avr8-gnu-toolchain/bin/../lib/gcc/avr/5.4.0/avrxmega3/short-calls\libgcc.a(_exit.o)
 .text.libgcc.builtins
                0x00000000        0x0 c:/program files (x86)/atmel/studio/7.0/toolchain/avr8/avr8-gnu-toolchain/bin/../lib/gcc/avr/5.4.0/avrxmega3/short-calls\libgcc.a(_exit.o)
 .text.libgcc.fmul
                0x00000000        0x0 c:/program files (x86)/atmel/studio/7.0/toolchain/avr8/avr8-gnu-toolchain/bin/../lib/gcc/avr/5.4.0/avrxmega3/short-calls\libgcc.a(_exit.o)
 .text.libgcc.fixed
                0x00000000        0x0 c:/program files (x86)/atmel/studio/7.0/toolchain/avr8/avr8-gnu-toolchain/bin/../lib/gcc/avr/5.4.0/avrxmega3/short-calls\libgcc.a(_exit.o)
 .text          0x00000000        0x0 c:/program files (x86)/atmel/studio/7.0/toolchain/avr8/avr8-gnu-toolchain/bin/../lib/gcc/avr/5.4.0/avrxmega3/short-calls\libgcc.a(_copy_data.o)
 .data          0x00000000        0x0 c:/program files (x86)/atmel/studio/7.0/toolchain/avr8/avr8-gnu-toolchain/bin/../lib/gcc/avr/5.4.0/avrxmega3/short-calls\libgcc.a(_copy_data.o)
 .bss           0x00000000        0x0 c:/program files (x86)/atmel/studio/7.0/toolchain/avr8/avr8-gnu-toolchain/bin/../lib/gcc/avr/5.4.0/avrxmega3/short-calls\libgcc.a(_copy_data.o)
 .text.libgcc.mul
                0x00000000        0x0 c:/program files (x86)/atmel/studio/7.0/toolchain/avr8/avr8-gnu-toolchain/bin/../lib/gcc/avr/5.4.0/avrxmega3/short-calls\libgcc.a(_copy_data.o)
 .text.libgcc.div
                0x00000000        0x0 c:/program files (x86)/atmel/studio/7.0/toolchain/avr8/avr8-gnu-toolchain/bin/../lib/gcc/avr/5.4.0/avrxmega3/short-calls\libgcc.a(_copy_data.o)
 .text.libgcc   0x00000000        0x0 c:/program files (x86)/atmel/studio/7.0/toolchain/avr8/avr8-gnu-toolchain/bin/../lib/gcc/avr/5.4.0/avrxmega3/short-calls\libgcc.a(_copy_data.o)
 .text.libgcc.prologue
                0x00000000        0x0 c:/program files (x86)/atmel/studio/7.0/toolchain/avr8/avr8-gnu-toolchain/bin/../lib/gcc/avr/5.4.0/avrxmega3/short-calls\libgcc.a(_copy_data.o)
 .text.libgcc.builtins
                0x00000000        0x0 c:/program files (x86)/atmel/studio/7.0/toolchain/avr8/avr8-gnu-toolchain/bin/../lib/gcc/avr/5.4.0/avrxmega3/short-calls\libgcc.a(_copy_data.o)
 .text.libgcc.fmul
                0x00000000        0x0 c:/program files (x86)/atmel/studio/7.0/toolchain/avr8/avr8-gnu-toolchain/bin/../lib/gcc/avr/5.4.0/avrxmega3/short-calls\libgcc.a(_copy_data.o)
 .text.libgcc.fixed
                0x00000000        0x0 c:/program files (x86)/atmel/studio/7.0/toolchain/avr8/avr8-gnu-toolchain/bin/../lib/gcc/avr/5.4.0/avrxmega3/short-calls\libgcc.a(_copy_data.o)
 .text          0x00000000        0x0 c:/program files (x86)/atmel/studio/7.0/toolchain/avr8/avr8-gnu-toolchain/bin/../lib/gcc/avr/5.4.0/avrxmega3/short-calls\libgcc.a(_clear_bss.o)
 .data          0x00000000        0x0 c:/program files (x86)/atmel/studio/7.0/toolchain/avr8/avr8-gnu-toolchain/bin/../lib/gcc/avr/5.4.0/avrxmega3/short-calls\libgcc.a(_clear_bss.o)
 .bss           0x00000000        0x0 c:/program files (x86)/atmel/studio/7.0/toolchain/avr8/avr8-gnu-toolchain/bin/../lib/gcc/avr/5.4.0/avrxmega3/short-calls\libgcc.a(_clear_bss.o)
 .text.libgcc.mul
                0x00000000        0x0 c:/program files (x86)/atmel/studio/7.0/toolchain/avr8/avr8-gnu-toolchain/bin/../lib/gcc/avr/5.4.0/avrxmega3/short-calls\libgcc.a(_clear_bss.o)
 .text.libgcc.div
                0x00000000        0x0 c:/program files (x86)/atmel/studio/7.0/toolchain/avr8/avr8-gnu-toolchain/bin/../lib/gcc/avr/5.4.0/avrxmega3/short-calls\libgcc.a(_clear_bss.o)
 .text.libgcc   0x00000000        0x0 c:/program files (x86)/atmel/studio/7.0/toolchain/avr8/avr8-gnu-toolchain/bin/../lib/gcc/avr/5.4.0/avrxmega3/short-calls\libgcc.a(_clear_bss.o)
 .text.libgcc.prologue
                0x00000000        0x0 c:/program files (x86)/atmel/studio/7.0/toolchain/avr8/avr8-gnu-toolchain/bin/../lib/gcc/avr/5.4.0/avrxmega3/short-calls\libgcc.a(_clear_bss.o)
 .text.libgcc.builtins
                0x00000000        0x0 c:/program files (x86)/atmel/studio/7.0/toolchain/avr8/avr8-gnu-toolchain/bin/../lib/gcc/avr/5.4.0/avrxmega3/short-calls\libgcc.a(_clear_bss.o)
 .text.libgcc.fmul
                0x00000000        0x0 c:/program files (x86)/atmel/studio/7.0/toolchain/avr8/avr8-gnu-toolchain/bin/../lib/gcc/avr/5.4.0/avrxmega3/short-calls\libgcc.a(_clear_bss.o)
 .text.libgcc.fixed
                0x00000000        0x0 c:/program files (x86)/atmel/studio/7.0/toolchain/avr8/avr8-gnu-toolchain/bin/../lib/gcc/avr/5.4.0/avrxmega3/short-calls\libgcc.a(_clear_bss.o)
 .text          0x00000000        0x0 c:/program files (x86)/atmel/studio/7.0/toolchain/avr8/avr8-gnu-toolchain/bin/../lib/gcc/avr/5.4.0/../../../../avr/lib/avrxmega3/short-calls\libc.a(rand.o)
 .bss           0x00000000        0x0 c:/program files (x86)/atmel/studio/7.0/toolchain/avr8/avr8-gnu-toolchain/bin/../lib/gcc/avr/5.4.0/../../../../avr/lib/avrxmega3/short-calls\libc.a(rand.o)
 .text          0x00000000        0x0 c:/program files (x86)/atmel/studio/7.0/toolchain/avr8/avr8-gnu-toolchain/bin/../lib/gcc/avr/5.4.0/avrxmega3/short-calls\libgcc.a(_divmodsi4.o)
 .data          0x00000000        0x0 c:/program files (x86)/atmel/studio/7.0/toolchain/avr8/avr8-gnu-toolchain/bin/../lib/gcc/avr/5.4.0/avrxmega3/short-calls\libgcc.a(_divmodsi4.o)
 .bss           0x00000000        0x0 c:/program files (x86)/atmel/studio/7.0/toolchain/avr8/avr8-gnu-toolchain/bin/../lib/gcc/avr/5.4.0/avrxmega3/short-calls\libgcc.a(_divmodsi4.o)
 .text.libgcc.mul
                0x00000000        0x0 c:/program files (x86)/atmel/studio/7.0/toolchain/avr8/avr8-gnu-toolchain/bin/../lib/gcc/avr/5.4.0/avrxmega3/short-calls\libgcc.a(_divmodsi4.o)
 .text.libgcc   0x00000000        0x0 c:/program files (x86)/atmel/studio/7.0/toolchain/avr8/avr8-gnu-toolchain/bin/../lib/gcc/avr/5.4.0/avrxmega3/short-calls\libgcc.a(_divmodsi4.o)
 .text.libgcc.prologue
                0x00000000        0x0 c:/program files (x86)/atmel/studio/7.0/toolchain/avr8/avr8-gnu-toolchain/bin/../lib/gcc/avr/5.4.0/avrxmega3/short-calls\libgcc.a(_divmodsi4.o)
 .text.libgcc.builtins
                0x00000000        0x0 c:/program files (x86)/atmel/studio/7.0/toolchain/avr8/avr8-gnu-toolchain/bin/../lib/gcc/avr/5.4.0/avrxmega3/short-calls\libgcc.a(_divmodsi4.o)
 .text.libgcc.fmul
                0x00000000        0x0 c:/program files (x86)/atmel/studio/7.0/toolchain/avr8/avr8-gnu-toolchain/bin/../lib/gcc/avr/5.4.0/avrxmega3/short-calls\libgcc.a(_divmodsi4.o)
 .text.libgcc.fixed
                0x00000000        0x0 c:/program files (x86)/atmel/studio/7.0/toolchain/avr8/avr8-gnu-toolchain/bin/../lib/gcc/avr/5.4.0/avrxmega3/short-calls\libgcc.a(_divmodsi4.o)
 .text          0x00000000        0x0 c:/program files (x86)/atmel/studio/7.0/toolchain/avr8/avr8-gnu-toolchain/bin/../lib/gcc/avr/5.4.0/avrxmega3/short-calls\libgcc.a(_negsi2.o)
 .data          0x00000000        0x0 c:/program files (x86)/atmel/studio/7.0/toolchain/avr8/avr8-gnu-toolchain/bin/../lib/gcc/avr/5.4.0/avrxmega3/short-calls\libgcc.a(_negsi2.o)
 .bss           0x00000000        0x0 c:/program files (x86)/atmel/studio/7.0/toolchain/avr8/avr8-gnu-toolchain/bin/../lib/gcc/avr/5.4.0/avrxmega3/short-calls\libgcc.a(_negsi2.o)
 .text.libgcc.mul
                0x00000000        0x0 c:/program files (x86)/atmel/studio/7.0/toolchain/avr8/avr8-gnu-toolchain/bin/../lib/gcc/avr/5.4.0/avrxmega3/short-calls\libgcc.a(_negsi2.o)
 .text.libgcc   0x00000000        0x0 c:/program files (x86)/atmel/studio/7.0/toolchain/avr8/avr8-gnu-toolchain/bin/../lib/gcc/avr/5.4.0/avrxmega3/short-calls\libgcc.a(_negsi2.o)
 .text.libgcc.prologue
                0x00000000        0x0 c:/program files (x86)/atmel/studio/7.0/toolchain/avr8/avr8-gnu-toolchain/bin/../lib/gcc/avr/5.4.0/avrxmega3/short-calls\libgcc.a(_negsi2.o)
 .text.libgcc.builtins
                0x00000000        0x0 c:/program files (x86)/atmel/studio/7.0/toolchain/avr8/avr8-gnu-toolchain/bin/../lib/gcc/avr/5.4.0/avrxmega3/short-calls\libgcc.a(_negsi2.o)
 .text.libgcc.fmul
                0x00000000        0x0 c:/program files (x86)/atmel/studio/7.0/toolchain/avr8/avr8-gnu-toolchain/bin/../lib/gcc/avr/5.4.0/avrxmega3/short-calls\libgcc.a(_negsi2.o)
 .text.libgcc.fixed
                0x00000000        0x0 c:/program files (x86)/atmel/studio/7.0/toolchain/avr8/avr8-gnu-toolchain/bin/../lib/gcc/avr/5.4.0/avrxmega3/short-calls\libgcc.a(_negsi2.o)
 .text          0x00000000        0x0 c:/program files (x86)/atmel/studio/7.0/toolchain/avr8/avr8-gnu-toolchain/bin/../lib/gcc/avr/5.4.0/avrxmega3/short-calls\libgcc.a(_muluhisi3.o)
 .data          0x00000000        0x0 c:/program files (x86)/atmel/studio/7.0/toolchain/avr8/avr8-gnu-toolchain/bin/../lib/gcc/avr/5.4.0/avrxmega3/short-calls\libgcc.a(_muluhisi3.o)
 .bss           0x00000000        0x0 c:/program files (x86)/atmel/studio/7.0/toolchain/avr8/avr8-gnu-toolchain/bin/../lib/gcc/avr/5.4.0/avrxmega3/short-calls\libgcc.a(_muluhisi3.o)
 .text.libgcc.div
                0x00000000        0x0 c:/program files (x86)/atmel/studio/7.0/toolchain/avr8/avr8-gnu-toolchain/bin/../lib/gcc/avr/5.4.0/avrxmega3/short-calls\libgcc.a(_muluhisi3.o)
 .text.libgcc   0x00000000        0x0 c:/program files (x86)/atmel/studio/7.0/toolchain/avr8/avr8-gnu-toolchain/bin/../lib/gcc/avr/5.4.0/avrxmega3/short-calls\libgcc.a(_muluhisi3.o)
 .text.libgcc.prologue
                0x00000000        0x0 c:/program files (x86)/atmel/studio/7.0/toolchain/avr8/avr8-gnu-toolchain/bin/../lib/gcc/avr/5.4.0/avrxmega3/short-calls\libgcc.a(_muluhisi3.o)
 .text.libgcc.builtins
                0x00000000        0x0 c:/program files (x86)/atmel/studio/7.0/toolchain/avr8/avr8-gnu-toolchain/bin/../lib/gcc/avr/5.4.0/avrxmega3/short-calls\libgcc.a(_muluhisi3.o)
 .text.libgcc.fmul
                0x00000000        0x0 c:/program files (x86)/atmel/studio/7.0/toolchain/avr8/avr8-gnu-toolchain/bin/../lib/gcc/avr/5.4.0/avrxmega3/short-calls\libgcc.a(_muluhisi3.o)
 .text.libgcc.fixed
                0x00000000        0x0 c:/program files (x86)/atmel/studio/7.0/toolchain/avr8/avr8-gnu-toolchain/bin/../lib/gcc/avr/5.4.0/avrxmega3/short-calls\libgcc.a(_muluhisi3.o)
 .text          0x00000000        0x0 c:/program files (x86)/atmel/studio/7.0/toolchain/avr8/avr8-gnu-toolchain/bin/../lib/gcc/avr/5.4.0/avrxmega3/short-calls\libgcc.a(_mulshisi3.o)
 .data          0x00000000        0x0 c:/program files (x86)/atmel/studio/7.0/toolchain/avr8/avr8-gnu-toolchain/bin/../lib/gcc/avr/5.4.0/avrxmega3/short-calls\libgcc.a(_mulshisi3.o)
 .bss           0x00000000        0x0 c:/program files (x86)/atmel/studio/7.0/toolchain/avr8/avr8-gnu-toolchain/bin/../lib/gcc/avr/5.4.0/avrxmega3/short-calls\libgcc.a(_mulshisi3.o)
 .text.libgcc.div
                0x00000000        0x0 c:/program files (x86)/atmel/studio/7.0/toolchain/avr8/avr8-gnu-toolchain/bin/../lib/gcc/avr/5.4.0/avrxmega3/short-calls\libgcc.a(_mulshisi3.o)
 .text.libgcc   0x00000000        0x0 c:/program files (x86)/atmel/studio/7.0/toolchain/avr8/avr8-gnu-toolchain/bin/../lib/gcc/avr/5.4.0/avrxmega3/short-calls\libgcc.a(_mulshisi3.o)
 .text.libgcc.prologue
                0x00000000        0x0 c:/program files (x86)/atmel/studio/7.0/toolchain/avr8/avr8-gnu-toolchain/bin/../lib/gcc/avr/5.4.0/avrxmega3/short-calls\libgcc.a(_mulshisi3.o)
 .text.libgcc.builtins
                0x00000000        0x0 c:/program files (x86)/atmel/studio/7.0/toolchain/avr8/avr8-gnu-toolchain/bin/../lib/gcc/avr/5.4.0/avrxmega3/short-calls\libgcc.a(_mulshisi3.o)
 .text.libgcc.fmul
                0x00000000        0x0 c:/program files (x86)/atmel/studio/7.0/toolchain/avr8/avr8-gnu-toolchain/bin/../lib/gcc/avr/5.4.0/avrxmega3/short-calls\libgcc.a(_mulshisi3.o)
 .text.libgcc.fixed
                0x00000000        0x0 c:/program files (x86)/atmel/studio/7.0/toolchain/avr8/avr8-gnu-toolchain/bin/../lib/gcc/avr/5.4.0/avrxmega3/short-calls\libgcc.a(_mulshisi3.o)
 .text          0x00000000        0x0 c:/program files (x86)/atmel/studio/7.0/toolchain/avr8/avr8-gnu-toolchain/bin/../lib/gcc/avr/5.4.0/avrxmega3/short-calls\libgcc.a(_udivmodsi4.o)
 .data          0x00000000        0x0 c:/program files (x86)/atmel/studio/7.0/toolchain/avr8/avr8-gnu-toolchain/bin/../lib/gcc/avr/5.4.0/avrxmega3/short-calls\libgcc.a(_udivmodsi4.o)
 .bss           0x00000000        0x0 c:/program files (x86)/atmel/studio/7.0/toolchain/avr8/avr8-gnu-toolchain/bin/../lib/gcc/avr/5.4.0/avrxmega3/short-calls\libgcc.a(_udivmodsi4.o)
 .text.libgcc.mul
                0x00000000        0x0 c:/program files (x86)/atmel/studio/7.0/toolchain/avr8/avr8-gnu-toolchain/bin/../lib/gcc/avr/5.4.0/avrxmega3/short-calls\libgcc.a(_udivmodsi4.o)
 .text.libgcc   0x00000000        0x0 c:/program files (x86)/atmel/studio/7.0/toolchain/avr8/avr8-gnu-toolchain/bin/../lib/gcc/avr/5.4.0/avrxmega3/short-calls\libgcc.a(_udivmodsi4.o)
 .text.libgcc.prologue
                0x00000000        0x0 c:/program files (x86)/atmel/studio/7.0/toolchain/avr8/avr8-gnu-toolchain/bin/../lib/gcc/avr/5.4.0/avrxmega3/short-calls\libgcc.a(_udivmodsi4.o)
 .text.libgcc.builtins
                0x00000000        0x0 c:/program files (x86)/atmel/studio/7.0/toolchain/avr8/avr8-gnu-toolchain/bin/../lib/gcc/avr/5.4.0/avrxmega3/short-calls\libgcc.a(_udivmodsi4.o)
 .text.libgcc.fmul
                0x00000000        0x0 c:/program files (x86)/atmel/studio/7.0/toolchain/avr8/avr8-gnu-toolchain/bin/../lib/gcc/avr/5.4.0/avrxmega3/short-calls\libgcc.a(_udivmodsi4.o)
 .text.libgcc.fixed
                0x00000000        0x0 c:/program files (x86)/atmel/studio/7.0/toolchain/avr8/avr8-gnu-toolchain/bin/../lib/gcc/avr/5.4.0/avrxmega3/short-calls\libgcc.a(_udivmodsi4.o)
 .text          0x00000000        0x0 c:/program files (x86)/atmel/studio/7.0/toolchain/avr8/avr8-gnu-toolchain/bin/../lib/gcc/avr/5.4.0/avrxmega3/short-calls\libgcc.a(_umulhisi3.o)
 .data          0x00000000        0x0 c:/program files (x86)/atmel/studio/7.0/toolchain/avr8/avr8-gnu-toolchain/bin/../lib/gcc/avr/5.4.0/avrxmega3/short-calls\libgcc.a(_umulhisi3.o)
 .bss           0x00000000        0x0 c:/program files (x86)/atmel/studio/7.0/toolchain/avr8/avr8-gnu-toolchain/bin/../lib/gcc/avr/5.4.0/avrxmega3/short-calls\libgcc.a(_umulhisi3.o)
 .text.libgcc.div
                0x00000000        0x0 c:/program files (x86)/atmel/studio/7.0/toolchain/avr8/avr8-gnu-toolchain/bin/../lib/gcc/avr/5.4.0/avrxmega3/short-calls\libgcc.a(_umulhisi3.o)
 .text.libgcc   0x00000000        0x0 c:/program files (x86)/atmel/studio/7.0/toolchain/avr8/avr8-gnu-toolchain/bin/../lib/gcc/avr/5.4.0/avrxmega3/short-calls\libgcc.a(_umulhisi3.o)
 .text.libgcc.prologue
                0x00000000        0x0 c:/program files (x86)/atmel/studio/7.0/toolchain/avr8/avr8-gnu-toolchain/bin/../lib/gcc/avr/5.4.0/avrxmega3/short-calls\libgcc.a(_umulhisi3.o)
 .text.libgcc.builtins
                0x00000000        0x0 c:/program files (x86)/atmel/studio/7.0/toolchain/avr8/avr8-gnu-toolchain/bin/../lib/gcc/avr/5.4.0/avrxmega3/short-calls\libgcc.a(_umulhisi3.o)
 .text.libgcc.fmul
                0x00000000        0x0 c:/program files (x86)/atmel/studio/7.0/toolchain/avr8/avr8-gnu-toolchain/bin/../lib/gcc/avr/5.4.0/avrxmega3/short-calls\libgcc.a(_umulhisi3.o)
 .text.libgcc.fixed
                0x00000000        0x0 c:/program files (x86)/atmel/studio/7.0/toolchain/avr8/avr8-gnu-toolchain/bin/../lib/gcc/avr/5.4.0/avrxmega3/short-calls\libgcc.a(_umulhisi3.o)

Memory Configuration

Name             Origin             Length             Attributes
text             0x00000000         0x00100000         xr
data             0x00802000         0x0000ffa0         rw !x
eeprom           0x00810000         0x00010000         rw !x
fuse             0x00820000         0x00000009         rw !x
lock             0x00830000         0x00000400         rw !x
signature        0x00840000         0x00000400         rw !x
user_signatures  0x00850000         0x00000400         rw !x
*default*        0x00000000         0xffffffff

Linker script and memory map

Address of section .data set to 0x803e00
                0x00008000                __RODATA_PM_OFFSET__ = 0x8000
LOAD C:/Program Files (x86)/Atmel/Studio/7.0/Packs/atmel/ATtiny_DFP/1.3.147/gcc/dev/attiny816/avrxmega3/short-calls/crtattiny816.o
LOAD atmel_start.o
LOAD driver_isr.o
LOAD main.o
LOAD qtouch/touch.o
LOAD src/bod.o
LOAD src/clkctrl.o
LOAD src/cpuint.o
LOAD src/driver_init.o
LOAD src/protected_io.o
LOAD src/rtc.o
LOAD src/slpctrl.o
LOAD src/tca.o
LOAD src/tcb.o
START GROUP
LOAD ../qtouch/lib/gcc\libqtm_touch_key_t817_0x0002.a
LOAD ../qtouch/lib/gcc\libqtm_freq_hop_auto_t817_0x0004.a
LOAD ../qtouch/lib/gcc\libqtm_binding_layer_t817_0x0005.a
LOAD ../qtouch/lib/gcc\libqtm_acq_runtime_t817_0x0008.a
LOAD c:/program files (x86)/atmel/studio/7.0/toolchain/avr8/avr8-gnu-toolchain/bin/../lib/gcc/avr/5.4.0/../../../../avr/lib/avrxmega3/short-calls\libm.a
END GROUP
START GROUP
LOAD c:/program files (x86)/atmel/studio/7.0/toolchain/avr8/avr8-gnu-toolchain/bin/../lib/gcc/avr/5.4.0/avrxmega3/short-calls\libgcc.a
LOAD c:/program files (x86)/atmel/studio/7.0/toolchain/avr8/avr8-gnu-toolchain/bin/../lib/gcc/avr/5.4.0/../../../../avr/lib/avrxmega3/short-calls\libm.a
LOAD c:/program files (x86)/atmel/studio/7.0/toolchain/avr8/avr8-gnu-toolchain/bin/../lib/gcc/avr/5.4.0/../../../../avr/lib/avrxmega3/short-calls\libc.a
LOAD C:/Program Files (x86)/Atmel/Studio/7.0/Packs/atmel/ATtiny_DFP/1.3.147/gcc/dev/attiny816/avrxmega3/short-calls\libattiny816.a
END GROUP
                0x00100000                __TEXT_REGION_LENGTH__ = DEFINED (__TEXT_REGION_LENGTH__)?__TEXT_REGION_LENGTH__:0x100000
                0x0000ffa0                __DATA_REGION_LENGTH__ = DEFINED (__DATA_REGION_LENGTH__)?__DATA_REGION_LENGTH__:0xffa0
                0x00010000                __EEPROM_REGION_LENGTH__ = DEFINED (__EEPROM_REGION_LENGTH__)?__EEPROM_REGION_LENGTH__:0x10000
                [0x00000009]                __FUSE_REGION_LENGTH__ = DEFINED (__FUSE_REGION_LENGTH__)?__FUSE_REGION_LENGTH__:0x400
                0x00000400                __LOCK_REGION_LENGTH__ = DEFINED (__LOCK_REGION_LENGTH__)?__LOCK_REGION_LENGTH__:0x400
                0x00000400                __SIGNATURE_REGION_LENGTH__ = DEFINED (__SIGNATURE_REGION_LENGTH__)?__SIGNATURE_REGION_LENGTH__:0x400
                0x00000400                __USER_SIGNATURE_REGION_LENGTH__ = DEFINED (__USER_SIGNATURE_REGION_LENGTH__)?__USER_SIGNATURE_REGION_LENGTH__:0x400
                0x00008000                __RODATA_PM_OFFSET__ = DEFINED (__RODATA_PM_OFFSET__)?__RODATA_PM_OFFSET__:0x8000

.hash
 *(.hash)

.dynsym
 *(.dynsym)

.dynstr
 *(.dynstr)

.gnu.version
 *(.gnu.version)

.gnu.version_d
 *(.gnu.version_d)

.gnu.version_r
 *(.gnu.version_r)

.rel.init
 *(.rel.init)

.rela.init
 *(.rela.init)

.rel.text
 *(.rel.text)
 *(.rel.text.*)
 *(.rel.gnu.linkonce.t*)

.rela.text
 *(.rela.text)
 *(.rela.text.*)
 *(.rela.gnu.linkonce.t*)

.rel.fini
 *(.rel.fini)

.rela.fini
 *(.rela.fini)

.rel.rodata
 *(.rel.rodata)
 *(.rel.rodata.*)
 *(.rel.gnu.linkonce.r*)

.rela.rodata
 *(.rela.rodata)
 *(.rela.rodata.*)
 *(.rela.gnu.linkonce.r*)

.rel.data
 *(.rel.data)
 *(.rel.data.*)
 *(.rel.gnu.linkonce.d*)

.rela.data
 *(.rela.data)
 *(.rela.data.*)
 *(.rela.gnu.linkonce.d*)

.rel.ctors
 *(.rel.ctors)

.rela.ctors
 *(.rela.ctors)

.rel.dtors
 *(.rel.dtors)

.rela.dtors
 *(.rela.dtors)

.rel.got
 *(.rel.got)

.rela.got
 *(.rela.got)

.rel.bss
 *(.rel.bss)

.rela.bss
 *(.rela.bss)

.rel.plt
 *(.rel.plt)

.rela.plt
 *(.rela.plt)

.text           0x00000000     0x1da6
 *(.vectors)
 .vectors       0x00000000       0x34 C:/Program Files (x86)/Atmel/Studio/7.0/Packs/atmel/ATtiny_DFP/1.3.147/gcc/dev/attiny816/avrxmega3/short-calls/crtattiny816.o
                0x00000000                __vector_default
                0x00000000                __vectors
 *(.vectors)
 *(.progmem.gcc*)
                0x00000034                . = ALIGN (0x2)
                0x00000034                __trampolines_start = .
 *(.trampolines)
 .trampolines   0x00000034        0x0 linker stubs
 *(.trampolines*)
                0x00000034                __trampolines_end = .
 *libprintf_flt.a:*(.progmem.data)
 *libc.a:*(.progmem.data)
 *(.progmem*)
                0x00000034                . = ALIGN (0x2)
 *(.jumptables)
 *(.jumptables*)
 *(.lowtext)
 *(.lowtext*)
                0x00000034                __ctors_start = .
 *(.ctors)
                0x00000034                __ctors_end = .
                0x00000034                __dtors_start = .
 *(.dtors)
                0x00000034                __dtors_end = .
 SORT(*)(.ctors)
 SORT(*)(.dtors)
 *(.init0)
 .init0         0x00000034        0x0 C:/Program Files (x86)/Atmel/Studio/7.0/Packs/atmel/ATtiny_DFP/1.3.147/gcc/dev/attiny816/avrxmega3/short-calls/crtattiny816.o
                0x00000034                __init
 *(.init0)
 *(.init1)
 *(.init1)
 *(.init2)
 .init2         0x00000034        0xc C:/Program Files (x86)/Atmel/Studio/7.0/Packs/atmel/ATtiny_DFP/1.3.147/gcc/dev/attiny816/avrxmega3/short-calls/crtattiny816.o
 *(.init2)
 *(.init3)
 *(.init3)
 *(.init4)
 .init4         0x00000040       0x16 c:/program files (x86)/atmel/studio/7.0/toolchain/avr8/avr8-gnu-toolchain/bin/../lib/gcc/avr/5.4.0/avrxmega3/short-calls\libgcc.a(_copy_data.o)
                0x00000040                __do_copy_data
 .init4         0x00000056       0x10 c:/program files (x86)/atmel/studio/7.0/toolchain/avr8/avr8-gnu-toolchain/bin/../lib/gcc/avr/5.4.0/avrxmega3/short-calls\libgcc.a(_clear_bss.o)
                0x00000056                __do_clear_bss
 *(.init4)
 *(.init5)
 *(.init5)
 *(.init6)
 *(.init6)
 *(.init7)
 *(.init7)
 *(.init8)
 *(.init8)
 *(.init9)
 .init9         0x00000066        0x4 C:/Program Files (x86)/Atmel/Studio/7.0/Packs/atmel/ATtiny_DFP/1.3.147/gcc/dev/attiny816/avrxmega3/short-calls/crtattiny816.o
 *(.init9)
 *(.text)
 .text          0x0000006a        0x2 C:/Program Files (x86)/Atmel/Studio/7.0/Packs/atmel/ATtiny_DFP/1.3.147/gcc/dev/attiny816/avrxmega3/short-calls/crtattiny816.o
                0x0000006a                __vector_22
                0x0000006a                __vector_1
                0x0000006a                __vector_24
                0x0000006a                __vector_12
                0x0000006a                __bad_interrupt
                0x0000006a                __vector_3
                0x0000006a                __vector_23
                0x0000006a                __vector_25
                0x0000006a                __vector_11
                0x0000006a                __vector_19
                0x0000006a                __vector_7
                0x0000006a                __vector_5
                0x0000006a                __vector_4
                0x0000006a                __vector_9
                0x0000006a                __vector_2
                0x0000006a                __vector_21
                0x0000006a                __vector_15
                0x0000006a                __vector_14
                0x0000006a                __vector_16
                0x0000006a                __vector_18
                0x0000006a                __vector_20
                0x0000006c                . = ALIGN (0x2)
 *(.text.*)
 .text.__vector_6
                0x0000006c       0x4c driver_isr.o
                0x0000006c                __vector_6
 .text.__vector_8
                0x000000b8       0x6c driver_isr.o
                0x000000b8                __vector_8
 .text.__vector_10
                0x00000124       0x1e driver_isr.o
                0x00000124                __vector_10
 .text.__vector_13
                0x00000142       0x34 driver_isr.o
                0x00000142                __vector_13
 .text.startup.main
                0x00000176      0x296 main.o
                0x00000176                main
 .text.qtm_measure_complete_callback
                0x0000040c        0xc qtouch/touch.o
 .text.qtm_error_callback
                0x00000418       0x1c qtouch/touch.o
 .text.init_complete_callback
                0x00000434       0x26 qtouch/touch.o
 .text.qtm_post_process_complete
                0x0000045a       0x26 qtouch/touch.o
 .text.Timer_set_period
                0x00000480       0x14 qtouch/touch.o
                0x00000480                Timer_set_period
 .text.touch_init
                0x00000494       0x88 qtouch/touch.o
                0x00000494                touch_init
 .text.touch_process
                0x0000051c       0x5a qtouch/touch.o
                0x0000051c                touch_process
 .text.touch_timer_handler
                0x00000576       0x24 qtouch/touch.o
                0x00000576                touch_timer_handler
 .text.get_sensor_state
                0x0000059a       0x1e qtouch/touch.o
                0x0000059a                get_sensor_state
 .text.__vector_17
                0x000005b8       0x46 qtouch/touch.o
                0x000005b8                __vector_17
 .text.BOD_init
                0x000005fe        0xa src/bod.o
                0x000005fe                BOD_init
 .text.CLKCTRL_init
                0x00000608        0xe src/clkctrl.o
                0x00000608                CLKCTRL_init
 .text.CPUINT_init
                0x00000616        0x6 src/cpuint.o
                0x00000616                CPUINT_init
 .text.mcu_init
                0x0000061c       0x38 src/driver_init.o
                0x0000061c                mcu_init
 .text.system_init
                0x00000654       0x22 src/driver_init.o
                0x00000654                system_init
 .text.protected_write_io
                0x00000676        0x8 src/protected_io.o
                0x00000676                protected_write_io
 .text.Timer_init
                0x0000067e       0x18 src/rtc.o
                0x0000067e                Timer_init
 .text.SLPCTRL_init
                0x00000696        0x4 src/slpctrl.o
                0x00000696                SLPCTRL_init
 .text.TIMER_0_init
                0x0000069a       0x1c src/tca.o
                0x0000069a                TIMER_0_init
 .text.TIMER_1_init
                0x000006b6       0x18 src/tcb.o
                0x000006b6                TIMER_1_init
 .text.check_for_aks_block
                0x000006ce       0xd2 ../qtouch/lib/gcc\libqtm_touch_key_t817_0x0002.a(avr_touch_key_g_t817.o)
 .text.qtm_update_qtlib_timer
                0x000007a0       0x16 ../qtouch/lib/gcc\libqtm_touch_key_t817_0x0002.a(avr_touch_key_g_t817.o)
                0x000007a0                qtm_update_qtlib_timer
 .text.qtm_init_sensor_key
                0x000007b6       0x3e ../qtouch/lib/gcc\libqtm_touch_key_t817_0x0002.a(avr_touch_key_g_t817.o)
                0x000007b6                qtm_init_sensor_key
 .text.qtm_key_sensors_process
                0x000007f4      0x748 ../qtouch/lib/gcc\libqtm_touch_key_t817_0x0002.a(avr_touch_key_g_t817.o)
                0x000007f4                qtm_key_sensors_process
 .text.qtm_freq_hop_autotune
                0x00000f3c      0x32a ../qtouch/lib/gcc\libqtm_freq_hop_auto_t817_0x0004.a(avr_freq_hop_auto_g_t817.o)
                0x00000f3c                qtm_freq_hop_autotune
 .text.qtm_error_handler
                0x00001266       0x1c ../qtouch/lib/gcc\libqtm_binding_layer_t817_0x0005.a(avr_binding_layer_g_t817.o)
 .text.generic_callback_function
                0x00001282       0x18 ../qtouch/lib/gcc\libqtm_binding_layer_t817_0x0005.a(avr_binding_layer_g_t817.o)
 .text.qmt_get_binding_layer_ptr
                0x0000129a        0xa ../qtouch/lib/gcc\libqtm_binding_layer_t817_0x0005.a(avr_binding_layer_g_t817.o)
                0x0000129a                qmt_get_binding_layer_ptr
 .text.qtm_binding_layer_init
                0x000012a4       0xbc ../qtouch/lib/gcc\libqtm_binding_layer_t817_0x0005.a(avr_binding_layer_g_t817.o)
                0x000012a4                qtm_binding_layer_init
 .text.qtm_lib_start_acquisition
                0x00001360       0x9e ../qtouch/lib/gcc\libqtm_binding_layer_t817_0x0005.a(avr_binding_layer_g_t817.o)
                0x00001360                qtm_lib_start_acquisition
 .text.qtm_lib_acq_process
                0x000013fe       0x10 ../qtouch/lib/gcc\libqtm_binding_layer_t817_0x0005.a(avr_binding_layer_g_t817.o)
                0x000013fe                qtm_lib_acq_process
 .text.qtm_lib_post_process
                0x0000140e      0x11a ../qtouch/lib/gcc\libqtm_binding_layer_t817_0x0005.a(avr_binding_layer_g_t817.o)
                0x0000140e                qtm_lib_post_process
 .text.select_next_channel_to_measure
                0x00001528       0x66 ../qtouch/lib/gcc\libqtm_acq_runtime_t817_0x0008.a(avr_acq_runtime_g_t817.o)
 .text.qtm_measure_node
                0x0000158e      0x108 ../qtouch/lib/gcc\libqtm_acq_runtime_t817_0x0008.a(avr_acq_runtime_g_t817.o)
 .text.qtm_acquisition_process
                0x00001696      0x2fc ../qtouch/lib/gcc\libqtm_acq_runtime_t817_0x0008.a(avr_acq_runtime_g_t817.o)
                0x00001696                qtm_acquisition_process
 .text.qtm_ptc_init_acquisition_module
                0x00001992       0x70 ../qtouch/lib/gcc\libqtm_acq_runtime_t817_0x0008.a(avr_acq_runtime_g_t817.o)
                0x00001992                qtm_ptc_init_acquisition_module
 .text.qtm_ptc_qtlib_assign_signal_memory
                0x00001a02       0x14 ../qtouch/lib/gcc\libqtm_acq_runtime_t817_0x0008.a(avr_acq_runtime_g_t817.o)
                0x00001a02                qtm_ptc_qtlib_assign_signal_memory
 .text.qtm_ptc_start_measurement_seq
                0x00001a16       0xc8 ../qtouch/lib/gcc\libqtm_acq_runtime_t817_0x0008.a(avr_acq_runtime_g_t817.o)
                0x00001a16                qtm_ptc_start_measurement_seq
 .text.qtm_enable_sensor_node
                0x00001ade       0x3e ../qtouch/lib/gcc\libqtm_acq_runtime_t817_0x0008.a(avr_acq_runtime_g_t817.o)
                0x00001ade                qtm_enable_sensor_node
 .text.qtm_calibrate_sensor_node
                0x00001b1c       0x82 ../qtouch/lib/gcc\libqtm_acq_runtime_t817_0x0008.a(avr_acq_runtime_g_t817.o)
                0x00001b1c                qtm_calibrate_sensor_node
 .text.qtm_t81x_ptc_handler_eoc
                0x00001b9e       0x54 ../qtouch/lib/gcc\libqtm_acq_runtime_t817_0x0008.a(avr_acq_runtime_g_t817.o)
                0x00001b9e                qtm_t81x_ptc_handler_eoc
 .text.libgcc.div
                0x00001bf2       0x28 c:/program files (x86)/atmel/studio/7.0/toolchain/avr8/avr8-gnu-toolchain/bin/../lib/gcc/avr/5.4.0/avrxmega3/short-calls\libgcc.a(_udivmodhi4.o)
                0x00001bf2                __udivmodhi4
 .text.libgcc.div
                0x00001c1a       0x26 c:/program files (x86)/atmel/studio/7.0/toolchain/avr8/avr8-gnu-toolchain/bin/../lib/gcc/avr/5.4.0/avrxmega3/short-calls\libgcc.a(_divmodhi4.o)
                0x00001c1a                _div
                0x00001c1a                __divmodhi4
 .text.avr-libc
                0x00001c40       0xae c:/program files (x86)/atmel/studio/7.0/toolchain/avr8/avr8-gnu-toolchain/bin/../lib/gcc/avr/5.4.0/../../../../avr/lib/avrxmega3/short-calls\libc.a(rand.o)
                0x00001ccc                rand_r
                0x00001cd0                rand
                0x00001cd8                srand
 .text.libgcc.div
                0x00001cee       0x28 c:/program files (x86)/atmel/studio/7.0/toolchain/avr8/avr8-gnu-toolchain/bin/../lib/gcc/avr/5.4.0/avrxmega3/short-calls\libgcc.a(_divmodsi4.o)
                0x00001cee                __divmodsi4
 .text.libgcc.div
                0x00001d16       0x10 c:/program files (x86)/atmel/studio/7.0/toolchain/avr8/avr8-gnu-toolchain/bin/../lib/gcc/avr/5.4.0/avrxmega3/short-calls\libgcc.a(_negsi2.o)
                0x00001d16                __negsi2
 .text.libgcc.mul
                0x00001d26       0x14 c:/program files (x86)/atmel/studio/7.0/toolchain/avr8/avr8-gnu-toolchain/bin/../lib/gcc/avr/5.4.0/avrxmega3/short-calls\libgcc.a(_muluhisi3.o)
                0x00001d26                __muluhisi3
 .text.libgcc.mul
                0x00001d3a        0xc c:/program files (x86)/atmel/studio/7.0/toolchain/avr8/avr8-gnu-toolchain/bin/../lib/gcc/avr/5.4.0/avrxmega3/short-calls\libgcc.a(_mulshisi3.o)
                0x00001d3a                __mulshisi3
                0x00001d3e                __mulohisi3
 .text.libgcc.div
                0x00001d46       0x44 c:/program files (x86)/atmel/studio/7.0/toolchain/avr8/avr8-gnu-toolchain/bin/../lib/gcc/avr/5.4.0/avrxmega3/short-calls\libgcc.a(_udivmodsi4.o)
                0x00001d46                __udivmodsi4
 .text.libgcc.mul
                0x00001d8a       0x18 c:/program files (x86)/atmel/studio/7.0/toolchain/avr8/avr8-gnu-toolchain/bin/../lib/gcc/avr/5.4.0/avrxmega3/short-calls\libgcc.a(_umulhisi3.o)
                0x00001d8a                __umulhisi3
                0x00001da2                . = ALIGN (0x2)
 *(.fini9)
 .fini9         0x00001da2        0x0 c:/program files (x86)/atmel/studio/7.0/toolchain/avr8/avr8-gnu-toolchain/bin/../lib/gcc/avr/5.4.0/avrxmega3/short-calls\libgcc.a(_exit.o)
                0x00001da2                _exit
                0x00001da2                exit
 *(.fini9)
 *(.fini8)
 *(.fini8)
 *(.fini7)
 *(.fini7)
 *(.fini6)
 *(.fini6)
 *(.fini5)
 *(.fini5)
 *(.fini4)
 *(.fini4)
 *(.fini3)
 *(.fini3)
 *(.fini2)
 *(.fini2)
 *(.fini1)
 *(.fini1)
 *(.fini0)
 .fini0         0x00001da2        0x4 c:/program files (x86)/atmel/studio/7.0/toolchain/avr8/avr8-gnu-toolchain/bin/../lib/gcc/avr/5.4.0/avrxmega3/short-calls\libgcc.a(_exit.o)
 *(.fini0)
                0x00001da6                _etext = .

.rodata         0x00009da6        0xe load address 0x00001da6
 *(.rodata)
 *(.rodata*)
 .rodata.pwm_log
                0x00009da6        0x8 main.o
                0x00009da6                pwm_log
 .rodata.gain_setting_int_cap
                0x00009dae        0x6 ../qtouch/lib/gcc\libqtm_acq_runtime_t817_0x0008.a(avr_acq_runtime_g_t817.o)
 *(.gnu.linkonce.r*)

.data           0x00803e00       0x60 load address 0x00001db4
                0x00803e00                PROVIDE (__data_start, .)
 *(.data)
 .data          0x00803e00        0x4 c:/program files (x86)/atmel/studio/7.0/toolchain/avr8/avr8-gnu-toolchain/bin/../lib/gcc/avr/5.4.0/../../../../avr/lib/avrxmega3/short-calls\libc.a(rand.o)
 *(.data*)
 .data.library_module_proc_data_model
                0x00803e04        0x6 qtouch/touch.o
                0x00803e04                library_module_proc_data_model
 .data.library_module_acq_engine_data_model
                0x00803e0a        0x4 qtouch/touch.o
                0x00803e0a                library_module_acq_engine_data_model
 .data.library_modules_acq_engines
                0x00803e0e        0x4 qtouch/touch.o
                0x00803e0e                library_modules_acq_engines
 .data.library_module_init_data_models
                0x00803e12        0x4 qtouch/touch.o
                0x00803e12                library_module_init_data_models
 .data.library_modules_proc
                0x00803e16        0x6 qtouch/touch.o
                0x00803e16                library_modules_proc
 .data.library_modules_init
                0x00803e1c        0x4 qtouch/touch.o
                0x00803e1c                library_modules_init
 .data.qtlib_key_set1
                0x00803e20        0x8 qtouch/touch.o
                0x00803e20                qtlib_key_set1
 .data.qtlib_key_configs_set1
                0x00803e28        0x3 qtouch/touch.o
                0x00803e28                qtlib_key_configs_set1
 .data.qtlib_key_grp_config_set1
                0x00803e2b        0xa qtouch/touch.o
                0x00803e2b                qtlib_key_grp_config_set1
 .data.qtm_freq_hop_autotune_control1
                0x00803e35        0x4 qtouch/touch.o
                0x00803e35                qtm_freq_hop_autotune_control1
 .data.qtm_freq_hop_autotune_data1
                0x00803e39        0x8 qtouch/touch.o
                0x00803e39                qtm_freq_hop_autotune_data1
 .data.qtm_freq_hop_autotune_config1
                0x00803e41        0x9 qtouch/touch.o
                0x00803e41                qtm_freq_hop_autotune_config1
 .data.freq_hop_delay_selection
                0x00803e4a        0x3 qtouch/touch.o
                0x00803e4a                freq_hop_delay_selection
 .data.qtlib_acq_set1
                0x00803e4d        0x6 qtouch/touch.o
                0x00803e4d                qtlib_acq_set1
 .data.ptc_seq_node_cfg1
                0x00803e53        0x6 qtouch/touch.o
                0x00803e53                ptc_seq_node_cfg1
 .data.ptc_qtlib_acq_gen1
                0x00803e59        0x5 qtouch/touch.o
                0x00803e59                ptc_qtlib_acq_gen1
 .data.qtm_which_mode_current
                0x00803e5e        0x1 ../qtouch/lib/gcc\libqtm_acq_runtime_t817_0x0008.a(avr_acq_runtime_g_t817.o)
                0x00803e5e                qtm_which_mode_current
 *(.gnu.linkonce.d*)
                0x00803e60                . = ALIGN (0x2)
 *fill*         0x00803e5f        0x1 
                0x00803e60                _edata = .
                0x00803e60                PROVIDE (__data_end, .)

.bss            0x00803e60       0x53
                0x00803e60                PROVIDE (__bss_start, .)
 *(.bss)
 *(.bss*)
 .bss.counter.4284
                0x00803e60        0x1 driver_isr.o
 .bss.timeTicks
                0x00803e61        0x2 driver_isr.o
                0x00803e61                timeTicks
 .bss.LED_PWM   0x00803e63        0x5 driver_isr.o
                0x00803e63                LED_PWM
 .bss.module_error_code
                0x00803e68        0x1 qtouch/touch.o
                0x00803e68                module_error_code
 .bss.measurement_done_touch
                0x00803e69        0x1 qtouch/touch.o
                0x00803e69                measurement_done_touch
 .bss.qtm_local_ms_timecount
                0x00803e6a        0x2 ../qtouch/lib/gcc\libqtm_touch_key_t817_0x0002.a(avr_touch_key_g_t817.o)
                0x00803e6a                qtm_local_ms_timecount
 .bss.errors    0x00803e6c        0x1 ../qtouch/lib/gcc\libqtm_binding_layer_t817_0x0005.a(avr_binding_layer_g_t817.o)
 .bss.current_process_id
                0x00803e6d        0x1 ../qtouch/lib/gcc\libqtm_binding_layer_t817_0x0005.a(avr_binding_layer_g_t817.o)
 .bss.qtm_state
                0x00803e6e        0x1 ../qtouch/lib/gcc\libqtm_binding_layer_t817_0x0005.a(avr_binding_layer_g_t817.o)
                0x00803e6e                qtm_state
 .bss.ptc_seq_measure_complete_pointer
                0x00803e6f        0x2 ../qtouch/lib/gcc\libqtm_acq_runtime_t817_0x0008.a(avr_acq_runtime_g_t817.o)
 .bss.touch_seq_lib_state
                0x00803e71        0x1 ../qtouch/lib/gcc\libqtm_acq_runtime_t817_0x0008.a(avr_acq_runtime_g_t817.o)
 .bss.current_measure_channel
                0x00803e72        0x2 ../qtouch/lib/gcc\libqtm_acq_runtime_t817_0x0008.a(avr_acq_runtime_g_t817.o)
 *(COMMON)
 COMMON         0x00803e74       0x39 qtouch/touch.o
                0x00803e74                qstate
                0x00803e75                noise_filter_buffer
                0x00803e7b                qtlib_key_grp_data_set1
                0x00803e81                interrupt_cnt
                0x00803e82                freq_hop_autotune_counters
                0x00803e85                ptc_qtlib_node_stat1
                0x00803e8a                touch_acq_signals_raw
                0x00803e8c                p_qtm_control
                0x00803e8e                qtm_control
                0x00803ea7                qtlib_key_data_set1
 COMMON         0x00803ead        0x2 ../qtouch/lib/gcc\libqtm_binding_layer_t817_0x0005.a(avr_binding_layer_g_t817.o)
                0x00803ead                qtm
 COMMON         0x00803eaf        0x4 ../qtouch/lib/gcc\libqtm_acq_runtime_t817_0x0008.a(avr_acq_runtime_g_t817.o)
                0x00803eaf                qtm_acquisition_control_working_set_ptr
                0x00803eb1                qtm_raw_data_measurements_ptr
                0x00803eb3                PROVIDE (__bss_end, .)
                0x00001db4                __data_load_start = LOADADDR (.data)
                0x00001e14                __data_load_end = (__data_load_start + SIZEOF (.data))

.noinit         0x00803eb3        0x0
                [!provide]                PROVIDE (__noinit_start, .)
 *(.noinit*)
                [!provide]                PROVIDE (__noinit_end, .)
                0x00803eb3                _end = .
                [!provide]                PROVIDE (__heap_start, .)

.eeprom         0x00810000        0x0
 *(.eeprom*)
                0x00810000                __eeprom_end = .

.fuse
 *(.fuse)
 *(.lfuse)
 *(.hfuse)
 *(.efuse)

.lock
 *(.lock*)

.signature
 *(.signature*)

.user_signatures
 *(.user_signatures*)

.stab
 *(.stab)

.stabstr
 *(.stabstr)

.stab.excl
 *(.stab.excl)

.stab.exclstr
 *(.stab.exclstr)

.stab.index
 *(.stab.index)

.stab.indexstr
 *(.stab.indexstr)

.comment        0x00000000       0x30
 *(.comment)
 .comment       0x00000000       0x30 driver_isr.o
                                 0x31 (size before relaxing)
 .comment       0x00000030       0x31 main.o
 .comment       0x00000030       0x31 qtouch/touch.o
 .comment       0x00000030       0x31 src/bod.o
 .comment       0x00000030       0x31 src/clkctrl.o
 .comment       0x00000030       0x31 src/cpuint.o
 .comment       0x00000030       0x31 src/driver_init.o
 .comment       0x00000030       0x31 src/rtc.o
 .comment       0x00000030       0x31 src/slpctrl.o
 .comment       0x00000030       0x31 src/tca.o
 .comment       0x00000030       0x31 src/tcb.o
 .comment       0x00000030       0x31 ../qtouch/lib/gcc\libqtm_touch_key_t817_0x0002.a(avr_touch_key_g_t817.o)
 .comment       0x00000030       0x31 ../qtouch/lib/gcc\libqtm_freq_hop_auto_t817_0x0004.a(avr_freq_hop_auto_g_t817.o)
 .comment       0x00000030       0x31 ../qtouch/lib/gcc\libqtm_binding_layer_t817_0x0005.a(avr_binding_layer_g_t817.o)
 .comment       0x00000030       0x31 ../qtouch/lib/gcc\libqtm_acq_runtime_t817_0x0008.a(avr_acq_runtime_g_t817.o)
 .comment       0x00000030       0x31 c:/program files (x86)/atmel/studio/7.0/toolchain/avr8/avr8-gnu-toolchain/bin/../lib/gcc/avr/5.4.0/../../../../avr/lib/avrxmega3/short-calls\libc.a(rand.o)

.note.gnu.avr.deviceinfo
                0x00000000       0x3c
 .note.gnu.avr.deviceinfo
                0x00000000       0x3c C:/Program Files (x86)/Atmel/Studio/7.0/Packs/atmel/ATtiny_DFP/1.3.147/gcc/dev/attiny816/avrxmega3/short-calls/crtattiny816.o

.note.gnu.build-id
 *(.note.gnu.build-id)

.debug
 *(.debug)

.line
 *(.line)

.debug_srcinfo
 *(.debug_srcinfo)

.debug_sfnames
 *(.debug_sfnames)

.debug_aranges  0x00000000       0x20
 *(.debug_aranges)
 .debug_aranges
                0x00000000       0x20 src/protected_io.o

.debug_pubnames
 *(.debug_pubnames)

.debug_info     0x00000000     0x175f
 *(.debug_info .gnu.linkonce.wi.*)
 .debug_info    0x00000000     0x16bc C:/Program Files (x86)/Atmel/Studio/7.0/Packs/atmel/ATtiny_DFP/1.3.147/gcc/dev/attiny816/avrxmega3/short-calls/crtattiny816.o
 .debug_info    0x000016bc       0xa3 src/protected_io.o

.debug_abbrev   0x00000000     0x1596
 *(.debug_abbrev)
 .debug_abbrev  0x00000000     0x1582 C:/Program Files (x86)/Atmel/Studio/7.0/Packs/atmel/ATtiny_DFP/1.3.147/gcc/dev/attiny816/avrxmega3/short-calls/crtattiny816.o
 .debug_abbrev  0x00001582       0x14 src/protected_io.o

.debug_line     0x00000000      0x18b
 *(.debug_line .debug_line.* .debug_line_end)
 .debug_line    0x00000000      0x136 C:/Program Files (x86)/Atmel/Studio/7.0/Packs/atmel/ATtiny_DFP/1.3.147/gcc/dev/attiny816/avrxmega3/short-calls/crtattiny816.o
 .debug_line    0x00000136       0x55 src/protected_io.o

.debug_frame
 *(.debug_frame)

.debug_str      0x00000000      0x9a7
 *(.debug_str)
 .debug_str     0x00000000      0x9a7 C:/Program Files (x86)/Atmel/Studio/7.0/Packs/atmel/ATtiny_DFP/1.3.147/gcc/dev/attiny816/avrxmega3/short-calls/crtattiny816.o

.debug_loc
 *(.debug_loc)

.debug_macinfo
 *(.debug_macinfo)

.debug_weaknames
 *(.debug_weaknames)

.debug_funcnames
 *(.debug_funcnames)

.debug_typenames
 *(.debug_typenames)

.debug_varnames
 *(.debug_varnames)

.debug_pubtypes
 *(.debug_pubtypes)

.debug_ranges
 *(.debug_ranges)

.debug_macro
 *(.debug_macro)
OUTPUT(SpaceKitty.elf elf32-avr)
LOAD linker stubs
